[19Jul2026 17:35:01.187] [main/INFO] [cpw.mods.modlauncher.Launcher/MODLAUNCHER]: ModLauncher running: args [--launchTarget, forgeclientdev, --version, 21.1.234, --assetIndex, 17, --assetsDir, C:\\Users\\delta\\.gradle\\caches\\neoformruntime\\assets, --gameDir, ., --fml.fmlVersion, 4.0.42, --fml.mcVersion, 1.21.1, --fml.neoForgeVersion, 21.1.234, --fml.neoFormVersion, 20240808.144430]
[19Jul2026 17:35:01.188] [main/INFO] [cpw.mods.modlauncher.Launcher/MODLAUNCHER]: JVM identified as Oracle Corporation Java HotSpot(TM) 64-Bit Server VM 21.0.11+9-LTS-211
[19Jul2026 17:35:01.189] [main/INFO] [cpw.mods.modlauncher.Launcher/MODLAUNCHER]: ModLauncher 11.0.5+main.901c6ea8 starting: java version 21.0.11 by Oracle Corporation; OS Windows 11 arch amd64 version 10.0
[19Jul2026 17:35:01.263] [main/INFO] [net.neoforged.fml.loading.ImmediateWindowHandler/]: Loading ImmediateWindowProvider fmlearlywindow
[19Jul2026 17:35:01.336] [main/INFO] [EARLYDISPLAY/]: Trying GL version 4.6
[19Jul2026 17:35:01.420] [main/INFO] [EARLYDISPLAY/]: Requested GL version 4.6 got version 4.6
[19Jul2026 17:35:01.482] [main/INFO] [mixin/]: SpongePowered MIXIN Subsystem Version=0.8.7 Source=union:/C:/Users/delta/.gradle/caches/modules-2/files-2.1/net.fabricmc/sponge-mixin/0.15.2+mixin.0.8.7/2af2f021d8e02a0220dc27a7a72b4666d66d44ca/sponge-mixin-0.15.2+mixin.0.8.7.jar%23138!/ Service=ModLauncher Env=CLIENT
[19Jul2026 17:35:01.601] [pool-2-thread-1/INFO] [EARLYDISPLAY/]: GL info: AMD Radeon RX 9070 XT GL version 4.6.0 Core Profile Context 26.6.4.260624, ATI Technologies Inc.
[19Jul2026 17:35:01.744] [main/INFO] [net.neoforged.fml.loading.moddiscovery.locators.JarInJarDependencyLocator/]: Found 5 dependencies adding them to mods collection
[19Jul2026 17:35:01.745] [main/INFO] [net.neoforged.fml.loading.moddiscovery.ModDiscoverer/]: 
     Mod List:
		Name Version (Mod Id)

		Admin's_Factions 1.0.0 (adminsfactions)
		LowDragLib2 2.2.26 (ldlib2)
		Minecraft 1.21.1 (minecraft)
		NeoForge 21.1.234 (neoforge)
[19Jul2026 17:35:02.269] [main/INFO] [mixin/]: Compatibility level set to JAVA_21
[19Jul2026 17:35:02.274] [main/INFO] [cpw.mods.modlauncher.LaunchServiceHandler/MODLAUNCHER]: Launching target 'forgeclientdev' with arguments [--version, 21.1.234, --gameDir, ., --assetsDir, C:\Users\delta\.gradle\caches\neoformruntime\assets, --assetIndex, 17]
[19Jul2026 17:35:02.614] [main/INFO] [MixinExtras|Service/]: Initializing MixinExtras via com.llamalad7.mixinextras.service.MixinExtrasServiceImpl(version=0.5.3).
[19Jul2026 17:35:03.686] [Datafixer Bootstrap/INFO] [com.mojang.datafixers.DataFixerBuilder/]: 229 Datafixer optimizations took 224 milliseconds
[19Jul2026 17:35:03.786] [main/WARN] [oshi.driver.windows.perfmon.PerfmonDisabled/]: Invalid registry value type detected for PerfOS counters. Should be REG_DWORD. Ignoring: HKEY_LOCAL_MACHINE\SYSTEM\CurrentControlSet\Services\PerfOS\Performance\Disable Performance Counters.
[19Jul2026 17:35:06.843] [main/WARN] [net.minecraft.commands.Commands/]: Ambiguity between arguments [teleport, location] and [teleport, destination] with inputs: [0.1 -0.5 .9, 0 0 0]
[19Jul2026 17:35:06.844] [main/WARN] [net.minecraft.commands.Commands/]: Ambiguity between arguments [teleport, location] and [teleport, targets] with inputs: [0.1 -0.5 .9, 0 0 0]
[19Jul2026 17:35:06.845] [main/WARN] [net.minecraft.commands.Commands/]: Ambiguity between arguments [teleport, destination] and [teleport, targets] with inputs: [Player, 0123, @e, dd12be42-52a9-4a91-a8a1-11c01849e498]
[19Jul2026 17:35:06.846] [main/WARN] [net.minecraft.commands.Commands/]: Ambiguity between arguments [teleport, targets] and [teleport, destination] with inputs: [Player, 0123, dd12be42-52a9-4a91-a8a1-11c01849e498]
[19Jul2026 17:35:06.846] [main/WARN] [net.minecraft.commands.Commands/]: Ambiguity between arguments [teleport, targets, location] and [teleport, targets, destination] with inputs: [0.1 -0.5 .9, 0 0 0]
[19Jul2026 17:35:06.933] [Render thread/WARN] [net.minecraft.server.packs.VanillaPackResourcesBuilder/]: Assets URL 'union:/C:/Users/delta/Documents/github/Admin82-s-Factions/build/moddev/artifacts/neoforge-21.1.234.jar%23189!/assets/.mcassetsroot' uses unexpected schema
[19Jul2026 17:35:06.934] [Render thread/WARN] [net.minecraft.server.packs.VanillaPackResourcesBuilder/]: Assets URL 'union:/C:/Users/delta/Documents/github/Admin82-s-Factions/build/moddev/artifacts/neoforge-21.1.234.jar%23189!/data/.mcassetsroot' uses unexpected schema
[19Jul2026 17:35:06.961] [Render thread/INFO] [com.mojang.authlib.yggdrasil.YggdrasilAuthenticationService/]: Environment: Environment[sessionHost=https://sessionserver.mojang.com, servicesHost=https://api.minecraftservices.com, name=PROD]
[19Jul2026 17:35:06.966] [Render thread/INFO] [net.minecraft.client.Minecraft/]: Setting user: Dev
[19Jul2026 17:35:07.018] [Render thread/INFO] [net.minecraft.client.Minecraft/]: Backend library: LWJGL version 3.3.3+5
[19Jul2026 17:35:07.178] [modloading-worker-0/INFO] [LowDragLib2/]: LowDragLib2 is initializing on platform: NeoForge
[19Jul2026 17:35:07.197] [modloading-worker-0/INFO] [net.neoforged.neoforge.common.NeoForgeMod/NEOFORGE-MOD]: NeoForge mod loading, version 21.1.234, for MC 1.21.1
[19Jul2026 17:35:07.899] [Render thread/INFO] [net.neoforged.neoforge.gametest.GameTestHooks/]: Enabled Gametest Namespaces: [adminsfactions]
[19Jul2026 17:35:08.018] [Render thread/INFO] [net.minecraft.server.packs.resources.ReloadableResourceManager/]: Reloading ResourceManager: vanilla, mod_resources, mod/ldlib2, mod/adminsfactions, mod/neoforge, ldlib2
[19Jul2026 17:35:08.025] [Worker-Main-1/INFO] [com.admin82.factions.AdminsFactions/]: Admin's Factions — common setup complete.
[19Jul2026 17:35:08.076] [Worker-Main-8/ERROR] [net.minecraft.Util/]: Invalid path in pack: adminsfactions:models/block/CurrencyExchange.json, ignoring
[19Jul2026 17:35:08.077] [Worker-Main-8/ERROR] [net.minecraft.Util/]: Invalid path in pack: adminsfactions:models/block/Faction block.json, ignoring
[19Jul2026 17:35:08.129] [Worker-Main-3/INFO] [net.minecraft.client.gui.font.providers.UnihexProvider/]: Found unifont_jp_patch-15.1.05.hex, loading
[19Jul2026 17:35:08.129] [Worker-Main-13/INFO] [net.minecraft.client.gui.font.providers.UnihexProvider/]: Found unifont_all_no_pua-15.1.05.hex, loading
[19Jul2026 17:35:08.215] [Worker-Main-10/INFO] [com.admin82.factions.AdminsFactions/]: Admin's Factions — client setup complete.
[19Jul2026 17:35:08.505] [Worker-Main-10/ERROR] [net.minecraft.Util/]: Invalid path in pack: adminsfactions:models/block/CurrencyExchange.json, ignoring
[19Jul2026 17:35:08.505] [Worker-Main-10/ERROR] [net.minecraft.Util/]: Invalid path in pack: adminsfactions:models/block/Faction block.json, ignoring
[19Jul2026 17:35:09.011] [Render thread/WARN] [net.minecraft.client.sounds.SoundEngine/]: Missing sound for event: minecraft:item.goat_horn.play
[19Jul2026 17:35:09.011] [Render thread/WARN] [net.minecraft.client.sounds.SoundEngine/]: Missing sound for event: minecraft:entity.goat.screaming.horn_break
[19Jul2026 17:35:09.041] [Render thread/INFO] [com.mojang.blaze3d.audio.Library/]: OpenAL initialized on device OpenAL Soft on Speakers (fifine Microphone)
[19Jul2026 17:35:09.041] [Render thread/INFO] [net.minecraft.client.sounds.SoundEngine/SOUNDS]: Sound engine started
[19Jul2026 17:35:09.109] [Render thread/INFO] [net.minecraft.client.renderer.texture.TextureAtlas/]: Created: 2048x2048x4 minecraft:textures/atlas/blocks.png-atlas
[19Jul2026 17:35:09.116] [Render thread/INFO] [net.minecraft.client.renderer.texture.TextureAtlas/]: Created: 256x256x4 minecraft:textures/atlas/signs.png-atlas
[19Jul2026 17:35:09.116] [Render thread/INFO] [net.minecraft.client.renderer.texture.TextureAtlas/]: Created: 512x512x4 minecraft:textures/atlas/banner_patterns.png-atlas
[19Jul2026 17:35:09.117] [Render thread/INFO] [net.minecraft.client.renderer.texture.TextureAtlas/]: Created: 512x512x4 minecraft:textures/atlas/shield_patterns.png-atlas
[19Jul2026 17:35:09.117] [Render thread/INFO] [net.minecraft.client.renderer.texture.TextureAtlas/]: Created: 1024x1024x4 minecraft:textures/atlas/armor_trims.png-atlas
[19Jul2026 17:35:09.118] [Render thread/INFO] [net.minecraft.client.renderer.texture.TextureAtlas/]: Created: 128x64x4 minecraft:textures/atlas/decorated_pot.png-atlas
[19Jul2026 17:35:09.118] [Render thread/INFO] [net.minecraft.client.renderer.texture.TextureAtlas/]: Created: 256x256x4 minecraft:textures/atlas/chest.png-atlas
[19Jul2026 17:35:09.119] [Render thread/INFO] [net.minecraft.client.renderer.texture.TextureAtlas/]: Created: 512x256x4 minecraft:textures/atlas/shulker_boxes.png-atlas
[19Jul2026 17:35:09.119] [Render thread/INFO] [net.minecraft.client.renderer.texture.TextureAtlas/]: Created: 512x256x4 minecraft:textures/atlas/beds.png-atlas
[19Jul2026 17:35:09.206] [Render thread/INFO] [net.minecraft.client.renderer.texture.TextureAtlas/]: Created: 512x256x0 minecraft:textures/atlas/particles.png-atlas
[19Jul2026 17:35:09.207] [Render thread/INFO] [net.minecraft.client.renderer.texture.TextureAtlas/]: Created: 512x256x0 minecraft:textures/atlas/paintings.png-atlas
[19Jul2026 17:35:09.207] [Render thread/INFO] [net.minecraft.client.renderer.texture.TextureAtlas/]: Created: 256x128x0 minecraft:textures/atlas/mob_effects.png-atlas
[19Jul2026 17:35:09.207] [Render thread/INFO] [net.minecraft.client.renderer.texture.TextureAtlas/]: Created: 64x64x0 minecraft:textures/atlas/map_decorations.png-atlas
[19Jul2026 17:35:09.208] [Render thread/INFO] [net.minecraft.client.renderer.texture.TextureAtlas/]: Created: 1024x512x0 minecraft:textures/atlas/gui.png-atlas
[19Jul2026 17:35:09.224] [Render thread/WARN] [net.minecraft.client.renderer.ShaderInstance/]: Shader rendertype_entity_translucent_emissive could not find sampler named Sampler2 in the specified shader program.
[19Jul2026 17:35:09.261] [Render thread/WARN] [net.minecraft.client.renderer.ShaderInstance/]: Shader ldlib2:graph_wire could not find uniform named iTime in the specified shader program.
[19Jul2026 17:35:09.280] [Render thread/INFO] [net.neoforged.neoforge.client.entity.animation.json.AnimationLoader/]: Loaded 0 entity animations
[19Jul2026 17:35:13.192] [Render thread/INFO] [net.minecraft.world.item.crafting.RecipeManager/]: Loaded 1294 recipes
[19Jul2026 17:35:13.295] [Render thread/INFO] [net.minecraft.advancements.AdvancementTree/]: Loaded 1399 advancements
[19Jul2026 17:35:13.522] [Server thread/INFO] [net.minecraft.client.server.IntegratedServer/]: Starting integrated minecraft server version 1.21.1
[19Jul2026 17:35:13.522] [Server thread/INFO] [net.minecraft.server.MinecraftServer/]: Generating keypair
[19Jul2026 17:35:14.007] [Server thread/INFO] [net.minecraft.server.MinecraftServer/]: Preparing start region for dimension minecraft:overworld
[19Jul2026 17:35:14.169] [progressListener/INFO] [net.minecraft.server.level.progress.LoggerChunkProgressListener/]: Preparing spawn area: 0%
[19Jul2026 17:35:14.228] [Server thread/INFO] [net.neoforged.neoforge.server.permission.PermissionAPI/]: Successfully initialized permission handler neoforge:default_handler
[19Jul2026 17:35:14.240] [progressListener/INFO] [net.minecraft.server.level.progress.LoggerChunkProgressListener/]: Time elapsed: 228 ms
[19Jul2026 17:35:14.289] [Server thread/INFO] [net.minecraft.client.server.IntegratedServer/]: Changing view distance to 12, from 10
[19Jul2026 17:35:14.289] [Server thread/INFO] [net.minecraft.client.server.IntegratedServer/]: Changing simulation distance to 12, from 0
[19Jul2026 17:35:14.739] [Server thread/INFO] [net.minecraft.server.players.PlayerList/]: Dev[local:E:3a9d64f6] logged in with entity id 4 at (61.450906116450064, 120.0, -246.64696172845717)
[19Jul2026 17:35:14.789] [Server thread/INFO] [net.minecraft.server.MinecraftServer/]: Dev joined the game
[19Jul2026 17:35:14.977] [Render thread/INFO] [net.minecraft.advancements.AdvancementTree/]: Loaded 110 advancements
[19Jul2026 17:35:19.190] [Render thread/INFO] [net.minecraft.client.gui.components.ChatComponent/]: [System] [CHAT] [Faction] Vault empty! Land claims are now UNPROTECTED — deposit coins into the vault to restore protection.
[19Jul2026 17:36:57.131] [Server thread/INFO] [net.minecraft.client.server.IntegratedServer/]: Saving and pausing game...
[19Jul2026 17:36:57.146] [Server thread/INFO] [net.minecraft.server.MinecraftServer/]: Saving chunks for level 'ServerLevel[New World]'/minecraft:overworld
[19Jul2026 17:36:57.160] [Server thread/INFO] [net.minecraft.server.MinecraftServer/]: Saving chunks for level 'ServerLevel[New World]'/minecraft:the_nether
[19Jul2026 17:36:57.160] [Server thread/INFO] [net.minecraft.server.MinecraftServer/]: Saving chunks for level 'ServerLevel[New World]'/minecraft:the_end
[19Jul2026 17:36:57.537] [Server thread/INFO] [net.minecraft.server.network.ServerGamePacketListenerImpl/]: Dev lost connection: Disconnected
[19Jul2026 17:36:57.537] [Server thread/INFO] [net.minecraft.server.MinecraftServer/]: Dev left the game
[19Jul2026 17:36:57.546] [Server thread/INFO] [net.minecraft.server.network.ServerCommonPacketListenerImpl/]: Stopping singleplayer server as player logged out
[19Jul2026 17:36:57.582] [Server thread/INFO] [net.minecraft.server.MinecraftServer/]: Stopping server
[19Jul2026 17:36:57.582] [Server thread/INFO] [net.minecraft.server.MinecraftServer/]: Saving players
[19Jul2026 17:36:57.582] [Server thread/INFO] [net.minecraft.server.MinecraftServer/]: Saving worlds
[19Jul2026 17:36:57.627] [Server thread/INFO] [net.minecraft.server.MinecraftServer/]: Saving chunks for level 'ServerLevel[New World]'/minecraft:overworld
[19Jul2026 17:36:57.684] [Server thread/INFO] [net.minecraft.server.MinecraftServer/]: Saving chunks for level 'ServerLevel[New World]'/minecraft:the_nether
[19Jul2026 17:36:57.686] [Server thread/INFO] [net.minecraft.server.MinecraftServer/]: Saving chunks for level 'ServerLevel[New World]'/minecraft:the_end
[19Jul2026 17:36:57.691] [Server thread/INFO] [net.minecraft.server.MinecraftServer/]: ThreadedAnvilChunkStorage (New World (1)): All chunks are saved
[19Jul2026 17:36:57.691] [Server thread/INFO] [net.minecraft.server.MinecraftServer/]: ThreadedAnvilChunkStorage (DIM-1): All chunks are saved
[19Jul2026 17:36:57.692] [Server thread/INFO] [net.minecraft.server.MinecraftServer/]: ThreadedAnvilChunkStorage (DIM1): All chunks are saved
[19Jul2026 17:36:57.692] [Server thread/INFO] [net.minecraft.server.MinecraftServer/]: ThreadedAnvilChunkStorage: All dimensions are saved
[19Jul2026 17:36:58.147] [Render thread/INFO] [net.minecraft.client.Minecraft/]: Stopping!
